== scene ==
scene = Title
stage = 
stage_state = Briefing
turn = 1 / Player
money = 0
briefing = 

== modal ==
modal_gate = Open
pending_dialog = None
pending_timer = None
pending_audio = 0

== messages (1) ==
[0] done

== vars (2) ==
after = 1
before = 1

== units (0) ==

== hotpoints (0) ==

== outcome ==
Finished
