== scene ==
scene = Title
stage = 
stage_state = Briefing
turn = 1 / Player
money = 0
briefing = 

== modal ==
modal_gate = Open
pending_dialog = None
pending_timer = None
pending_audio = 0

== messages (1) ==
[0] empty hello-World hello-SRC

== vars (3) ==
ArgNum = 0
Args(1) = 
greeting = empty hello-World hello-SRC

== units (0) ==

== hotpoints (0) ==

== outcome ==
Finished
