== scene ==
scene = Title
stage = エンディング
stage_state = Victory
turn = 1 / Player
money = 0
briefing = 戦いは終わった。

== modal ==
modal_gate = Open
pending_dialog = None
pending_timer = None
pending_audio = 0

== messages (14) ==
[0] 【ノヴァ】気合を入れろ、リオ！ブレイバーで出撃せよ！
[1] 【リオ】…まだ慣れないな、この機体。
[2] 【ガロ】ブレイバー…その機動兵器は…！
[3] 【リオ】やった…生き残ったぞ。
[4] 【ランバ・ラル】ゾルダとは違うのだよ、ゾルダとは。
[5] 【リオ】今度は ドム ３機か…！
[6] 【リオ】ジェットストリームアタック…避けきれた。
[7] 【ガロ】これが本当の最後だ、リオ！
[8] 【ガロ】認めたくないものだな…若さゆえの過ちというものを。
[9] 【リオ】…ガロ。
[10] 【テロップ】--- THE END ---
[11] 【ノヴァ】よくやった、リオ！君のおかげで戦争が終わった。
[12] 【リオ】…平和か。やっと、皆の元へ帰れる。
[13] 【勝利】

== vars (0) ==

== units (2) ==
[0] ブレイバー/リオ Player @(1,1) HP=3500/3500 EN=120/120 morale=100
[1] キャノス/タク Player @(2,1) HP=3200/3200 EN=100/100 morale=100

== hotpoints (0) ==

== outcome ==
Finished
