== scene ==
scene = Title
stage = 
stage_state = Briefing
turn = 1 / Player
money = 0
briefing = 

== modal ==
modal_gate = Open
pending_dialog = None
pending_timer = None
pending_audio = 0

== messages (1) ==
[0] done

== vars (2) ==
amuro_level_fired = 1
zolda_unit_fired = 1

== units (2) ==
[0] ブレイバー/リオ Player @(1,1) HP=3500/3500 EN=120/120 morale=100
[1] ゾルダ/ガロ Enemy @(5,5) HP=2500/2500 EN=110/110 morale=100

== hotpoints (0) ==

== outcome ==
Finished
